
logN recurFactor  cutoff capacity dataSize
23 8 64 3 992
[GC 2333637K->2327784K(3017728K), 0.2906450 secs]
[Full GC 2327784K->2327186K(3504128K), 2.3555220 secs]
[GC 2569362K->2568154K(3574784K), 1.1277190 secs]
[GC 2880986K->2745526K(3691520K), 3.0023150 secs]
[GC 3175094K->2755318K(3706880K), 0.0474160 secs]
[Full GC 2755318K->2736656K(4438528K), 3.4039530 secs]
[GC 3221008K->2758256K(4477952K), 0.2563720 secs]
0.01430511474609375
[GC 3242608K->2835944K(4857856K), 0.2159550 secs]
[GC 3463656K->2836104K(4891136K), 0.1567190 secs]
[GC 3463816K->2868332K(5052928K), 0.1990080 secs]
0.0286102294921875
[GC 3696748K->2876104K(5061120K), 0.4319510 secs]
0.04291534423828125
[GC 3704520K->2910016K(5194240K), 1.1480530 secs]
[GC 3886400K->2912384K(5194752K), 0.7603790 secs]
0.057220458984375
[GC 3888768K->2948844K(5410816K), 1.2964460 secs]
0.07152557373046875
[GC 4140780K->2989792K(5424128K), 1.2280040 secs]
0.0858306884765625
[GC 4181728K->3029696K(5692416K), 2.2823340 secs]
0.10013580322265625
[GC 4465344K->3069568K(5727232K), 3.0173600 secs]
0.11444091796875
[GC 4505216K->3109504K(6108160K), 2.6575280 secs]
0.12874603271484375
[GC 4884096K->3149312K(6156800K), 3.3215160 secs]
0.1430511474609375
[GC 4923904K->3189248K(6497280K), 4.0688530 secs]
0.15735626220703125
0.171661376953125
[GC 5251072K->3255616K(6554624K), 3.4596130 secs]
0.18596649169921875
[GC 5317440K->3308944K(6953472K), 5.9405800 secs]
0.2002716064453125
0.21457672119140625
[GC 5698960K->3389032K(7028736K), 5.4631430 secs]
0.2288818359375
[GC 5779048K->3431176K(7524352K), 5.4503360 secs]
0.24318695068359375
0.2574920654296875
[GC 6249736K->3511136K(7592960K), 6.3798540 secs]
0.27179718017578125
0.286102294921875
[GC 6329696K->3590984K(8194048K), 6.1893470 secs]
0.30040740966796875
0.3147125244140625
0.32901763916015625
[GC 6942536K->3705832K(8261632K), 8.1117370 secs]
0.34332275390625
0.35762786865234375
[GC 7057384K->3788664K(8808960K), 7.5939600 secs]
0.3719329833984375
0.38623809814453125
0.400543212890625
[GC 7622008K->3906248K(8860160K), 8.5295910 secs]
0.41484832763671875
0.4291534423828125
[GC 7739592K->3991096K(9495040K), 10.1827090 secs]
0.44345855712890625
0.457763671875
0.47206878662109375
[GC 8407096K->4111088K(9521152K), 7.8499530 secs]
0.4863739013671875
0.5006790161132812
0.514984130859375
[GC 8527088K->4249388K(10222080K), 6.8233350 secs]
0.5292892456054688
0.5435943603515625
0.5578994750976562
0.57220458984375
[GC 9349420K->4388520K(10238464K), 7.9841630 secs]
[Full GC 4388520K->4043296K(11569152K), 6.8419800 secs]
0.5865097045898438
0.6008148193359375
0.6151199340820312
0.629425048828125
[GC 9143328K->4195463K(12361728K), 1.3510920 secs]
0.6437301635742188
0.6580352783203125
0.6723403930664062
0.6866455078125
[GC 10056839K->4413759K(12372480K), 3.2056400 secs]
0.7009506225585938
0.7152557373046875
0.7295608520507812
0.743865966796875
[GC 10275135K->4576095K(12927488K), 5.0842320 secs]
0.7581710815429688
0.7724761962890625
0.7867813110351562
0.80108642578125
[GC 11160415K->4737887K(13000704K), 6.0200050 secs]
0.8153915405273438
0.8296966552734375
0.8440017700195312
0.858306884765625
0.8726119995117188
[GC 11322207K->4935039K(13744128K), 8.2658660 secs]
0.8869171142578125
0.9012222290039062
0.91552734375
0.9298324584960938
0.9441375732421875
[GC 12266367K->5134431K(13706752K), 12.5877860 secs]
0.9584426879882812
0.972747802734375
0.9870529174804688
1.0
[GC 10589874K->5561975K(13240320K), 2.4378930 secs]
[Full GC 5561975K->5304215K(13240320K), 10.7873150 secs]
0
1.558840562 1562234
1
1.439760496 1562234
2
1.476793057 1562234
3
1.389276255 1562234
4
1.32218339 1562234
5
1.579248052 1562234
6
1.361972029 1562234
7
1.376431399 1562234
8
1.367197723 1562234
9
7.380794704 1562234
10
1.261031769 1562234
11
1.382937156 1562234
12
[Full GC 11942295K->5355706K(14844928K), 9.5449310 secs]
10.945500713 1562234
13
1.484551423 1562234
14
1.403550393 1562234
15
1.509816482 1562234
16
1.464736568 1562234
17
1.578038246 1562234
18
1.455307961 1562234
19
1.265803932 1562234
20
1.338888109 1562234
21
1.31956542 1562234
22
1.458888761 1562234
23
1.479889489 1562234
24
1.436819101 1562234
25
[GC 11922390K->5376150K(13619200K), 0.2508020 secs]
1.651843584 1562234
26
1.405071092 1562234
27
1.442310883 1562234
28
1.194454919 1562234
29
1.31750596 1562234
945.1901560460499
Total Time 	 GC CPU Time	 GCIO Time	 OTCPU Time	 OTIO Time

1.9350928663	0.0	0.0 0.0	0.0

5th counter:0.0
6th counter:0.0
7th counter:0.0
8th counter:0.0
9th counter:0.0

