
logN recurFactor  cutoff capacity dataSize
23 8 64 3 992
[GC 2333637K->2327763K(3017728K), 0.2996170 secs]
[Full GC 2327763K->2327186K(3511808K), 2.0322780 secs]
[GC 2569362K->2568066K(3610624K), 1.1026700 secs]
[GC 2909058K->2745534K(3753984K), 3.2637580 secs]
[GC 3229886K->2753926K(3789824K), 0.0484210 secs]
[Full GC 2753926K->2736656K(4503040K), 3.4629480 secs]
[GC 3256848K->2771396K(4503040K), 0.1992170 secs]
0.01430511474609375
[GC 3291588K->2836232K(4926464K), 0.2161430 secs]
[GC 3546888K->2837396K(4961280K), 0.1766440 secs]
0.0286102294921875
[GC 3548052K->2876040K(5147136K), 0.3669660 secs]
[GC 3837576K->2885964K(5181440K), 0.2348980 secs]
0.04291534423828125
[GC 3847500K->2910112K(5379072K), 0.6863080 secs]
0.057220458984375
[GC 4080544K->2950048K(5378560K), 0.6080430 secs]
0.07152557373046875
[GC 4120480K->2989792K(5620224K), 1.6765530 secs]
0.0858306884765625
[GC 4388576K->3029728K(5645312K), 1.9499710 secs]
0.10013580322265625
[GC 4428512K->3069472K(6023168K), 3.0706980 secs]
0.11444091796875
[GC 4811296K->3109472K(6065152K), 3.0118440 secs]
0.12874603271484375
[GC 4851296K->3149344K(6622720K), 3.9436840 secs]
0.1430511474609375
0.15735626220703125
[GC 5400096K->3228624K(6675968K), 4.3992130 secs]
0.171661376953125
[GC 5479376K->3271256K(7210496K), 3.9202220 secs]
0.18596649169921875
0.2002716064453125
[GC 5984344K->3349400K(7261184K), 4.0220210 secs]
0.21457672119140625
0.2288818359375
[GC 6062488K->3429288K(7884800K), 4.4468660 secs]
0.24318695068359375
0.2574920654296875
[GC 6712232K->3511648K(7941632K), 4.7638300 secs]
0.27179718017578125
0.286102294921875
0.30040740966796875
[GC 6794592K->3596512K(8705536K), 5.7750490 secs]
0.3147125244140625
0.32901763916015625
[GC 7597792K->3711608K(8741888K), 5.5630050 secs]
0.34332275390625
0.35762786865234375
0.3719329833984375
[GC 7712888K->3829272K(9676800K), 6.7517380 secs]
0.38623809814453125
0.400543212890625
0.41484832763671875
0.4291534423828125
[GC 8725528K->3937184K(9705984K), 7.2767390 secs]
0.44345855712890625
0.457763671875
0.47206878662109375
[GC 8833440K->4109528K(10488320K), 5.1320510 secs]
[Full GC 4109528K->3813609K(11693056K), 6.1112880 secs]
0.4863739013671875
0.5006790161132812
0.514984130859375
0.5292892456054688
[GC 9531113K->4026905K(11721216K), 0.9024410 secs]
0.5435943603515625
0.5578994750976562
0.57220458984375
0.5865097045898438
[GC 9744409K->4186425K(12541440K), 2.7713120 secs]
0.6008148193359375
0.6151199340820312
0.629425048828125
0.6437301635742188
0.6580352783203125
[GC 10854201K->4346617K(12629504K), 2.3816760 secs]
0.6723403930664062
0.6866455078125
0.7009506225585938
0.7152557373046875
[GC 11014393K->4547681K(13562880K), 3.2595610 secs]
0.7295608520507812
0.743865966796875
0.7581710815429688
0.7724761962890625
0.7867813110351562
0.80108642578125
[GC 12216417K->4727065K(13615104K), 3.9281060 secs]
0.8153915405273438
0.8296966552734375
0.8440017700195312
0.858306884765625
0.8726119995117188
[GC 12395801K->4986681K(14064128K), 4.7887390 secs]
[Full GC 4986681K->4732359K(15323648K), 8.5985510 secs]
0.8869171142578125
0.9012222290039062
0.91552734375
0.9298324584960938
0.9441375732421875
0.9584426879882812
[GC 12938183K->5009791K(15367680K), 1.2932640 secs]
0.972747802734375
0.9870529174804688
1.0
[GC 9630046K->5413719K(15437824K), 3.0350330 secs]
[Full GC 5413719K->5304215K(15437824K), 9.7836870 secs]
0
1.54329082 1562234
1
1.399775458 1562234
2
1.444764434 1562234
3
1.641408099 1562234
4
1.499681696 1562234
5
1.595800762 1562234
6
1.487702472 1562234
7
1.551679751 1562234
8
1.52314604 1562234
9
5.610048636 1562234
10
1.392795441 1562234
11
1.327515236 1562234
12
1.54734205 1562234
13
1.349537273 1562234
14
1.489953554 1562234
15
[GC 13625751K->5369112K(15445504K), 0.0351640 secs]
1.499017452 1562234
16
1.534742211 1562234
17
1.62510758 1562234
18
1.726942888 1562234
19
1.435061756 1562234
20
1.404207202 1562234
21
1.328542652 1562234
22
1.438321201 1562234
23
1.390358285 1562234
24
1.393716201 1562234
25
1.389889514 1562234
26
1.347679201 1562234
27
1.370303563 1562234
28
1.570198872 1562234
29
1.530076333 1562234
993.7153158353
Total Time 	 GC CPU Time	 GCIO Time	 OTCPU Time	 OTIO Time

1.6130870967	0.0	0.0 0.0	0.0

5th counter:0.0
6th counter:0.0
7th counter:0.0
8th counter:0.0
9th counter:0.0

